<?xml version="1.0" encoding="UTF-8" standalone="yes"?>
	<SupportedVersions xmlns="http://www.vmware.com/vcloud/versions" xmlns:ns2="http://www.vmware.com/vcloud/v1.5" xmlns:ovf="http://schemas.dmtf.org/ovf/envelope/1" xmlns:vssd="http://schemas.dmtf.org/wbem/wscim/1/cim-schema/2/CIM_VirtualSystemSettingData" xmlns:common="http://schemas.dmtf.org/wbem/wscim/1/common" xmlns:rasd="http://schemas.dmtf.org/wbem/wscim/1/cim-schema/2/CIM_ResourceAllocationSettingData" xmlns:vmw="http://www.vmware.com/schema/ovf" xmlns:ovfenv="http://schemas.dmtf.org/ovf/environment/1" xmlns:vmext="http://www.vmware.com/vcloud/extension/v1.5">
		<VersionInfo deprecated="true">
			<Version>20.0</Version>
			<LoginUrl>https://192.168.1.109/api/sessions</LoginUrl>
		</VersionInfo>
		<VersionInfo deprecated="true">
			<Version>21.0</Version>
			<LoginUrl>https://192.168.1.109/api/sessions</LoginUrl>
		</VersionInfo>
		<VersionInfo deprecated="true">
			<Version>22.0</Version>
			<LoginUrl>https://192.168.1.109/api/sessions</LoginUrl>
		</VersionInfo>
		<VersionInfo deprecated="true">
			<Version>23.0</Version>
			<LoginUrl>https://192.168.1.109/api/sessions</LoginUrl>
		</VersionInfo>
		<VersionInfo deprecated="true">
			<Version>24.0</Version>
			<LoginUrl>https://192.168.1.109/api/sessions</LoginUrl>
		</VersionInfo>
		<VersionInfo deprecated="true">
			<Version>25.0</Version>
			<LoginUrl>https://192.168.1.109/api/sessions</LoginUrl>
		</VersionInfo>
		<VersionInfo deprecated="true">
			<Version>26.0</Version>
			<LoginUrl>https://192.168.1.109/api/sessions</LoginUrl>
		</VersionInfo>
		<VersionInfo deprecated="false">
			<Version>27.0</Version>
			<LoginUrl>https://192.168.1.109/api/sessions</LoginUrl>
		</VersionInfo>
		<VersionInfo deprecated="false">
			<Version>28.0</Version>
			<LoginUrl>https://192.168.1.109/api/sessions</LoginUrl>
		</VersionInfo>
		<VersionInfo deprecated="true">
			<Version>29.0</Version>
			<LoginUrl>https://192.168.1.109/api/sessions</LoginUrl>
		</VersionInfo>
		<VersionInfo deprecated="false">
			<Version>30.0</Version>
			<LoginUrl>https://192.168.1.109/api/sessions</LoginUrl>
		</VersionInfo>
		<VersionInfo deprecated="false">
			<Version>31.0</Version>
			<LoginUrl>https://192.168.1.109/api/sessions</LoginUrl>
		</VersionInfo>
		<VersionInfo deprecated="false">
			<Version>32.0</Version>
			<LoginUrl>https://192.168.1.109/api/sessions</LoginUrl>
		</VersionInfo>
		<VersionInfo deprecated="false">
			<Version>33.0</Version>
			<LoginUrl>https://192.168.1.109/api/sessions</LoginUrl>
		</VersionInfo>
		<VersionInfo deprecated="false">
			<Version>34.0</Version>
			<LoginUrl>https://192.168.1.109/api/sessions</LoginUrl>
		</VersionInfo>
		<VersionInfo deprecated="false">
			<Version>35.0</Version>
			<LoginUrl>https://192.168.1.109/api/sessions</LoginUrl>
		</VersionInfo>
        <VersionInfo deprecated="false">
			<Version>36.0</Version>
			<LoginUrl>https://192.168.1.109/cloudapi/1.0.0/sessions</LoginUrl>
			<ProviderLoginUrl>https://192.168.1.109/cloudapi/1.0.0/sessions/provider</ProviderLoginUrl>
        </VersionInfo>
		<VersionInfo deprecated="true">
			<Version>5.5</Version>
			<LoginUrl>https://192.168.1.109/api/sessions</LoginUrl>
			<MediaTypeMapping>
				<MediaType>application/vnd.vmware.vcloud.error+xml</MediaType>
				<ComplexTypeName>ErrorType</ComplexTypeName>
				<SchemaLocation>http://192.168.1.109/api/v1.5/schema/common.xsd</SchemaLocation>
			</MediaTypeMapping>
			<MediaTypeMapping>
				<MediaType>application/vnd.vmware.vcloud.controlAccess+xml</MediaType>
				<ComplexTypeName>ControlAccessParamsType</ComplexTypeName>
				<SchemaLocation>http://192.168.1.109/api/v1.5/schema/common.xsd</SchemaLocation>
			</MediaTypeMapping>
			<MediaTypeMapping>
				<MediaType>application/vnd.vmware.vcloud.owner+xml</MediaType>
				<ComplexTypeName>OwnerType</ComplexTypeName>
				<SchemaLocation>http://192.168.1.109/api/v1.5/schema/common.xsd</SchemaLocation>
			</MediaTypeMapping>
			<MediaTypeMapping>
				<MediaType>application/vnd.vmware.vcloud.query.references+xml</MediaType>
				<ComplexTypeName>ReferencesType</ComplexTypeName>
				<SchemaLocation>http://192.168.1.109/api/v1.5/schema/common.xsd</SchemaLocation>
			</MediaTypeMapping>
			<MediaTypeMapping>
				<MediaType>application/vnd.vmware.admin.fileUploadParams+xml</MediaType>
				<ComplexTypeName>FileUploadParamsType</ComplexTypeName>
				<SchemaLocation>http://192.168.1.109/api/v1.5/schema/common.xsd</SchemaLocation>
			</MediaTypeMapping>
			<MediaTypeMapping>
				<MediaType>application/vnd.vmware.vcloud.fileUploadSocket+xml</MediaType>
				<ComplexTypeName>FileUploadSocketType</ComplexTypeName>
				<SchemaLocation>http://192.168.1.109/api/v1.5/schema/common.xsd</SchemaLocation>
			</MediaTypeMapping>
			<MediaTypeMapping>
				<MediaType>application/vnd.vmware.vcloud.apiextensibility+xml</MediaType>
				<ComplexTypeName>ApiExtensibilityType</ComplexTypeName>
				<SchemaLocation>http://192.168.1.109/api/v1.5/schema/services.xsd</SchemaLocation>
			</MediaTypeMapping>
			<MediaTypeMapping>
				<MediaType>application/vnd.vmware.vcloud.service+xml</MediaType>
				<ComplexTypeName>ServiceType</ComplexTypeName>
				<SchemaLocation>http://192.168.1.109/api/v1.5/schema/services.xsd</SchemaLocation>
			</MediaTypeMapping>
			<MediaTypeMapping>
				<MediaType>application/vnd.vmware.vcloud.apidefinition+xml</MediaType>
				<ComplexTypeName>ApiDefinitionType</ComplexTypeName>
				<SchemaLocation>http://192.168.1.109/api/v1.5/schema/services.xsd</SchemaLocation>
			</MediaTypeMapping>
			<MediaTypeMapping>
				<MediaType>application/vnd.vmware.vcloud.filedescriptor+xml</MediaType>
				<ComplexTypeName>FileDescriptorType</ComplexTypeName>
				<SchemaLocation>http://192.168.1.109/api/v1.5/schema/services.xsd</SchemaLocation>
			</MediaTypeMapping>
			<MediaTypeMapping>
				<MediaType>application/vnd.vmware.vcloud.media+xml</MediaType>
				<ComplexTypeName>MediaType</ComplexTypeName>
				<SchemaLocation>http://192.168.1.109/api/v1.5/schema/media.xsd</SchemaLocation>
			</MediaTypeMapping>
			<MediaTypeMapping>
				<MediaType>application/vnd.vmware.vcloud.cloneMediaParams+xml</MediaType>
				<ComplexTypeName>CloneMediaParamsType</ComplexTypeName>
				<SchemaLocation>http://192.168.1.109/api/v1.5/schema/media.xsd</SchemaLocation>
			</MediaTypeMapping>
			<MediaTypeMapping>
				<MediaType>application/vnd.vmware.vcloud.vms+xml</MediaType>
				<ComplexTypeName>VmsType</ComplexTypeName>
				<SchemaLocation>http://192.168.1.109/api/v1.5/schema/vms.xsd</SchemaLocation>
			</MediaTypeMapping>
			<MediaTypeMapping>
				<MediaType>application/vnd.vmware.vcloud.supportedSystemsInfo+xml</MediaType>
				<ComplexTypeName>SupportedOperatingSystemsInfoType</ComplexTypeName>
				<SchemaLocation>http://192.168.1.109/api/v1.5/schema/vms.xsd</SchemaLocation>
			</MediaTypeMapping>
			<MediaTypeMapping>
				<MediaType>application/vnd.vmware.vcloud.catalog+xml</MediaType>
				<ComplexTypeName>CatalogType</ComplexTypeName>
				<SchemaLocation>http://192.168.1.109/api/v1.5/schema/catalog.xsd</SchemaLocation>
			</MediaTypeMapping>
			<MediaTypeMapping>
				<MediaType>application/vnd.vmware.admin.publishCatalogParams+xml</MediaType>
				<ComplexTypeName>PublishCatalogParamsType</ComplexTypeName>
				<SchemaLocation>http://192.168.1.109/api/v1.5/schema/catalog.xsd</SchemaLocation>
			</MediaTypeMapping>
			<MediaTypeMapping>
				<MediaType>application/vnd.vmware.vcloud.task+xml</MediaType>
				<ComplexTypeName>TaskType</ComplexTypeName>
				<SchemaLocation>http://192.168.1.109/api/v1.5/schema/task.xsd</SchemaLocation>
			</MediaTypeMapping>
			<MediaTypeMapping>
				<MediaType>application/vnd.vmware.admin.taskOperationList+xml</MediaType>
				<ComplexTypeName>TaskOperationListType</ComplexTypeName>
				<SchemaLocation>http://192.168.1.109/api/v1.5/schema/task.xsd</SchemaLocation>
			</MediaTypeMapping>
			<MediaTypeMapping>
				<MediaType>application/vnd.vmware.vcloud.vAppTemplate+xml</MediaType>
				<ComplexTypeName>VAppTemplateType</ComplexTypeName>
				<SchemaLocation>http://192.168.1.109/api/v1.5/schema/vAppTemplate.xsd</SchemaLocation>
			</MediaTypeMapping>
			<MediaTypeMapping>
				<MediaType>application/vnd.vmware.vcloud.uploadVAppTemplateParams+xml</MediaType>
				<ComplexTypeName>UploadVAppTemplateParamsType</ComplexTypeName>
				<SchemaLocation>http://192.168.1.109/api/v1.5/schema/vAppTemplate.xsd</SchemaLocation>
			</MediaTypeMapping>
			<MediaTypeMapping>
				<MediaType>application/vnd.vmware.vcloud.cloneVAppTemplateParams+xml</MediaType>
				<ComplexTypeName>CloneVAppTemplateParamsType</ComplexTypeName>
				<SchemaLocation>http://192.168.1.109/api/v1.5/schema/vAppTemplate.xsd</SchemaLocation>
			</MediaTypeMapping>
			<MediaTypeMapping>
				<MediaType>application/vnd.vmware.vcloud.customizationSection+xml</MediaType>
				<ComplexTypeName>CustomizationSectionType</ComplexTypeName>
				<SchemaLocation>http://192.168.1.109/api/v1.5/schema/vAppTemplate.xsd</SchemaLocation>
			</MediaTypeMapping>
			<MediaTypeMapping>
				<MediaType>application/vnd.vmware.admin.vmwNetworkPool.services+xml</MediaType>
				<ComplexTypeName>VendorServicesType</ComplexTypeName>
				<SchemaLocation>http://192.168.1.109/api/v1.5/schema/vendorServices.xsd</SchemaLocation>
			</MediaTypeMapping>
			<MediaTypeMapping>
				<MediaType>application/vnd.vmware.vcloud.entity+xml</MediaType>
				<ComplexTypeName>EntityType</ComplexTypeName>
				<SchemaLocation>http://192.168.1.109/api/v1.5/schema/entity.xsd</SchemaLocation>
			</MediaTypeMapping>
			<MediaTypeMapping>
				<MediaType>application/vnd.vmware.vcloud.entity.reference+xml</MediaType>
				<ComplexTypeName>EntityReferenceType</ComplexTypeName>
				<SchemaLocation>http://192.168.1.109/api/v1.5/schema/entity.xsd</SchemaLocation>
			</MediaTypeMapping>
			<MediaTypeMapping>
				<MediaType>application/vnd.vmware.vcloud.network+xml</MediaType>
				<ComplexTypeName>NetworkType</ComplexTypeName>
				<SchemaLocation>http://192.168.1.109/api/v1.5/schema/network.xsd</SchemaLocation>
			</MediaTypeMapping>
			<MediaTypeMapping>
				<MediaType>application/vnd.vmware.vcloud.orgNetwork+xml</MediaType>
				<ComplexTypeName>OrgNetworkType</ComplexTypeName>
				<SchemaLocation>http://192.168.1.109/api/v1.5/schema/network.xsd</SchemaLocation>
			</MediaTypeMapping>
			<MediaTypeMapping>
				<MediaType>application/vnd.vmware.vcloud.vAppNetwork+xml</MediaType>
				<ComplexTypeName>VAppNetworkType</ComplexTypeName>
				<SchemaLocation>http://192.168.1.109/api/v1.5/schema/network.xsd</SchemaLocation>
			</MediaTypeMapping>
			<MediaTypeMapping>
				<MediaType>application/vnd.vmware.vcloud.allocatedNetworkAddress+xml</MediaType>
				<ComplexTypeName>AllocatedIpAddressesType</ComplexTypeName>
				<SchemaLocation>http://192.168.1.109/api/v1.5/schema/network.xsd</SchemaLocation>
			</MediaTypeMapping>
			<MediaTypeMapping>
				<MediaType>application/vnd.vmware.vcloud.subAllocations+xml</MediaType>
				<ComplexTypeName>SubAllocationsType</ComplexTypeName>
				<SchemaLocation>http://192.168.1.109/api/v1.5/schema/network.xsd</SchemaLocation>
			</MediaTypeMapping>
			<MediaTypeMapping>
				<MediaType>application/vnd.vmware.vcloud.orgVdcNetwork+xml</MediaType>
				<ComplexTypeName>OrgVdcNetworkType</ComplexTypeName>
				<SchemaLocation>http://192.168.1.109/api/v1.5/schema/network.xsd</SchemaLocation>
			</MediaTypeMapping>
			<MediaTypeMapping>
				<MediaType>application/vnd.vmware.admin.edgeGateway+xml</MediaType>
				<ComplexTypeName>GatewayType</ComplexTypeName>
				<SchemaLocation>http://192.168.1.109/api/v1.5/schema/network.xsd</SchemaLocation>
			</MediaTypeMapping>
			<MediaTypeMapping>
				<MediaType>application/vnd.vmware.admin.edgeGatewayServiceConfiguration+xml</MediaType>
				<ComplexTypeName>GatewayFeaturesType</ComplexTypeName>
				<SchemaLocation>http://192.168.1.109/api/v1.5/schema/network.xsd</SchemaLocation>
			</MediaTypeMapping>
			<MediaTypeMapping>
				<MediaType>application/vnd.vmware.vcloud.session+xml</MediaType>
				<ComplexTypeName>SessionType</ComplexTypeName>
				<SchemaLocation>http://192.168.1.109/api/v1.5/schema/session.xsd</SchemaLocation>
			</MediaTypeMapping>
			<MediaTypeMapping>
				<MediaType>application/vnd.vmware.vcloud.disk+xml</MediaType>
				<ComplexTypeName>DiskType</ComplexTypeName>
				<SchemaLocation>http://192.168.1.109/api/v1.5/schema/disk.xsd</SchemaLocation>
			</MediaTypeMapping>
			<MediaTypeMapping>
				<MediaType>application/vnd.vmware.vcloud.diskCreateParams+xml</MediaType>
				<ComplexTypeName>DiskCreateParamsType</ComplexTypeName>
				<SchemaLocation>http://192.168.1.109/api/v1.5/schema/disk.xsd</SchemaLocation>
			</MediaTypeMapping>
			<MediaTypeMapping>
				<MediaType>application/vnd.vmware.vcloud.diskAttachOrDetachParams+xml</MediaType>
				<ComplexTypeName>DiskAttachOrDetachParamsType</ComplexTypeName>
				<SchemaLocation>http://192.168.1.109/api/v1.5/schema/disk.xsd</SchemaLocation>
			</MediaTypeMapping>
			<MediaTypeMapping>
				<MediaType>application/vnd.vmware.vcloud.vdc+xml</MediaType>
				<ComplexTypeName>VdcType</ComplexTypeName>
				<SchemaLocation>http://192.168.1.109/api/v1.5/schema/vdc.xsd</SchemaLocation>
			</MediaTypeMapping>
			<MediaTypeMapping>
				<MediaType>application/vnd.vmware.vcloud.screenTicket+xml</MediaType>
				<ComplexTypeName>ScreenTicketType</ComplexTypeName>
				<SchemaLocation>http://192.168.1.109/api/v1.5/schema/screenTicket.xsd</SchemaLocation>
			</MediaTypeMapping>
			<MediaTypeMapping>
				<MediaType>application/vnd.vmware.vcloud.productSections+xml</MediaType>
				<ComplexTypeName>ProductSectionListType</ComplexTypeName>
				<SchemaLocation>http://192.168.1.109/api/v1.5/schema/productSectionList.xsd</SchemaLocation>
			</MediaTypeMapping>
			<MediaTypeMapping>
				<MediaType>application/vnd.vmware.vcloud.catalogItem+xml</MediaType>
				<ComplexTypeName>CatalogItemType</ComplexTypeName>
				<SchemaLocation>http://192.168.1.109/api/v1.5/schema/catalogItem.xsd</SchemaLocation>
			</MediaTypeMapping>
			<MediaTypeMapping>
				<MediaType>application/vnd.vmware.vcloud.tasksList+xml</MediaType>
				<ComplexTypeName>TasksListType</ComplexTypeName>
				<SchemaLocation>http://192.168.1.109/api/v1.5/schema/tasksList.xsd</SchemaLocation>
			</MediaTypeMapping>
			<MediaTypeMapping>
				<MediaType>application/vnd.vmware.vcloud.orgList+xml</MediaType>
				<ComplexTypeName>OrgListType</ComplexTypeName>
				<SchemaLocation>http://192.168.1.109/api/v1.5/schema/organizationList.xsd</SchemaLocation>
			</MediaTypeMapping>
			<MediaTypeMapping>
				<MediaType>application/vnd.vmware.vcloud.org+xml</MediaType>
				<ComplexTypeName>OrgType</ComplexTypeName>
				<SchemaLocation>http://192.168.1.109/api/v1.5/schema/organization.xsd</SchemaLocation>
			</MediaTypeMapping>
			<MediaTypeMapping>
				<MediaType>application/vnd.vmware.vcloud.vm+xml</MediaType>
				<ComplexTypeName>VmType</ComplexTypeName>
				<SchemaLocation>http://192.168.1.109/api/v1.5/schema/vApp.xsd</SchemaLocation>
			</MediaTypeMapping>
			<MediaTypeMapping>
				<MediaType>application/vnd.vmware.vcloud.vmCapabilitiesSection+xml</MediaType>
				<ComplexTypeName>VmCapabilitiesType</ComplexTypeName>
				<SchemaLocation>http://192.168.1.109/api/v1.5/schema/vApp.xsd</SchemaLocation>
			</MediaTypeMapping>
			<MediaTypeMapping>
				<MediaType>application/vnd.vmware.vcloud.vApp+xml</MediaType>
				<ComplexTypeName>VAppType</ComplexTypeName>
				<SchemaLocation>http://192.168.1.109/api/v1.5/schema/vApp.xsd</SchemaLocation>
			</MediaTypeMapping>
			<MediaTypeMapping>
				<MediaType>application/vnd.vmware.vcloud.rasdItemsList+xml</MediaType>
				<ComplexTypeName>RasdItemsListType</ComplexTypeName>
				<SchemaLocation>http://192.168.1.109/api/v1.5/schema/vApp.xsd</SchemaLocation>
			</MediaTypeMapping>
			<MediaTypeMapping>
				<MediaType>application/vnd.vmware.vcloud.networkConfigSection+xml</MediaType>
				<ComplexTypeName>NetworkConfigSectionType</ComplexTypeName>
				<SchemaLocation>http://192.168.1.109/api/v1.5/schema/vApp.xsd</SchemaLocation>
			</MediaTypeMapping>
			<MediaTypeMapping>
				<MediaType>application/vnd.vmware.vcloud.leaseSettingsSection+xml</MediaType>
				<ComplexTypeName>LeaseSettingsSectionType</ComplexTypeName>
				<SchemaLocation>http://192.168.1.109/api/v1.5/schema/vApp.xsd</SchemaLocation>
			</MediaTypeMapping>
			<MediaTypeMapping>
				<MediaType>application/vnd.vmware.vcloud.networkConnectionSection+xml</MediaType>
				<ComplexTypeName>NetworkConnectionSectionType</ComplexTypeName>
				<SchemaLocation>http://192.168.1.109/api/v1.5/schema/vApp.xsd</SchemaLocation>
			</MediaTypeMapping>
			<MediaTypeMapping>
				<MediaType>application/vnd.vmware.vcloud.runtimeInfoSection+xml</MediaType>
				<ComplexTypeName>RuntimeInfoSectionType</ComplexTypeName>
				<SchemaLocation>http://192.168.1.109/api/v1.5/schema/vApp.xsd</SchemaLocation>
			</MediaTypeMapping>
			<MediaTypeMapping>
				<MediaType>application/vnd.vmware.vcloud.guestCustomizationSection+xml</MediaType>
				<ComplexTypeName>GuestCustomizationSectionType</ComplexTypeName>
				<SchemaLocation>http://192.168.1.109/api/v1.5/schema/vApp.xsd</SchemaLocation>
			</MediaTypeMapping>
			<MediaTypeMapping>
				<MediaType>application/vnd.vmware.vcloud.snapshot+xml</MediaType>
				<ComplexTypeName>SnapshotType</ComplexTypeName>
				<SchemaLocation>http://192.168.1.109/api/v1.5/schema/vApp.xsd</SchemaLocation>
			</MediaTypeMapping>
			<MediaTypeMapping>
				<MediaType>application/vnd.vmware.vcloud.snapshotSection+xml</MediaType>
				<ComplexTypeName>SnapshotSectionType</ComplexTypeName>
				<SchemaLocation>http://192.168.1.109/api/v1.5/schema/vApp.xsd</SchemaLocation>
			</MediaTypeMapping>
			<MediaTypeMapping>
				<MediaType>application/vnd.vmware.vcloud.composeVAppParams+xml</MediaType>
				<ComplexTypeName>ComposeVAppParamsType</ComplexTypeName>
				<SchemaLocation>http://192.168.1.109/api/v1.5/schema/vApp.xsd</SchemaLocation>
			</MediaTypeMapping>
			<MediaTypeMapping>
				<MediaType>application/vnd.vmware.vcloud.recomposeVAppParams+xml</MediaType>
				<ComplexTypeName>RecomposeVAppParamsType</ComplexTypeName>
				<SchemaLocation>http://192.168.1.109/api/v1.5/schema/vApp.xsd</SchemaLocation>
			</MediaTypeMapping>
			<MediaTypeMapping>
				<MediaType>application/vnd.vmware.vcloud.registerVAppParams+xml</MediaType>
				<ComplexTypeName>RegisterVAppParamsType</ComplexTypeName>
				<SchemaLocation>http://192.168.1.109/api/v1.5/schema/vApp.xsd</SchemaLocation>
			</MediaTypeMapping>
			<MediaTypeMapping>
				<MediaType>application/vnd.vmware.vcloud.instantiateVAppTemplateParams+xml</MediaType>
				<ComplexTypeName>InstantiateVAppTemplateParamsType</ComplexTypeName>
				<SchemaLocation>http://192.168.1.109/api/v1.5/schema/vApp.xsd</SchemaLocation>
			</MediaTypeMapping>
			<MediaTypeMapping>
				<MediaType>application/vnd.vmware.vcloud.instantiateOvfParams+xml</MediaType>
				<ComplexTypeName>InstantiateOvfParamsType</ComplexTypeName>
				<SchemaLocation>http://192.168.1.109/api/v1.5/schema/vApp.xsd</SchemaLocation>
			</MediaTypeMapping>
			<MediaTypeMapping>
				<MediaType>application/vnd.vmware.vcloud.cloneVAppParams+xml</MediaType>
				<ComplexTypeName>CloneVAppParamsType</ComplexTypeName>
				<SchemaLocation>http://192.168.1.109/api/v1.5/schema/vApp.xsd</SchemaLocation>
			</MediaTypeMapping>
			<MediaTypeMapping>
				<MediaType>application/vnd.vmware.vcloud.deployVAppParams+xml</MediaType>
				<ComplexTypeName>DeployVAppParamsType</ComplexTypeName>
				<SchemaLocation>http://192.168.1.109/api/v1.5/schema/vApp.xsd</SchemaLocation>
			</MediaTypeMapping>
			<MediaTypeMapping>
				<MediaType>application/vnd.vmware.vcloud.undeployVAppParams+xml</MediaType>
				<ComplexTypeName>UndeployVAppParamsType</ComplexTypeName>
				<SchemaLocation>http://192.168.1.109/api/v1.5/schema/vApp.xsd</SchemaLocation>
			</MediaTypeMapping>
			<MediaTypeMapping>
				<MediaType>application/vnd.vmware.vcloud.mediaInsertOrEjectParams+xml</MediaType>
				<ComplexTypeName>MediaInsertOrEjectParamsType</ComplexTypeName>
				<SchemaLocation>http://192.168.1.109/api/v1.5/schema/vApp.xsd</SchemaLocation>
			</MediaTypeMapping>
			<MediaTypeMapping>
				<MediaType>application/vnd.vmware.vcloud.captureVAppParams+xml</MediaType>
				<ComplexTypeName>CaptureVAppParamsType</ComplexTypeName>
				<SchemaLocation>http://192.168.1.109/api/v1.5/schema/vApp.xsd</SchemaLocation>
			</MediaTypeMapping>
			<MediaTypeMapping>
				<MediaType>application/vnd.vmware.vcloud.vmPendingQuestion+xml</MediaType>
				<ComplexTypeName>VmPendingQuestionType</ComplexTypeName>
				<SchemaLocation>http://192.168.1.109/api/v1.5/schema/vApp.xsd</SchemaLocation>
			</MediaTypeMapping>
			<MediaTypeMapping>
				<MediaType>application/vnd.vmware.vcloud.vmPendingAnswer+xml</MediaType>
				<ComplexTypeName>VmQuestionAnswerType</ComplexTypeName>
				<SchemaLocation>http://192.168.1.109/api/v1.5/schema/vApp.xsd</SchemaLocation>
			</MediaTypeMapping>
			<MediaTypeMapping>
				<MediaType>application/vnd.vmware.vcloud.relocateVmParams+xml</MediaType>
				<ComplexTypeName>RelocateParamsType</ComplexTypeName>
				<SchemaLocation>http://192.168.1.109/api/v1.5/schema/vApp.xsd</SchemaLocation>
			</MediaTypeMapping>
			<MediaTypeMapping>
				<MediaType>application/vnd.vmware.vcloud.createSnapshotParams+xml</MediaType>
				<ComplexTypeName>CreateSnapshotParamsType</ComplexTypeName>
				<SchemaLocation>http://192.168.1.109/api/v1.5/schema/vApp.xsd</SchemaLocation>
			</MediaTypeMapping>
			<MediaTypeMapping>
				<MediaType>application/vnd.vmware.vm.complianceResult+xml</MediaType>
				<ComplexTypeName>ComplianceResultType</ComplexTypeName>
				<SchemaLocation>http://192.168.1.109/api/v1.5/schema/vApp.xsd</SchemaLocation>
			</MediaTypeMapping>
			<MediaTypeMapping>
				<MediaType>application/vnd.vmware.vcloud.vdcStorageProfile+xml</MediaType>
				<ComplexTypeName>VdcStorageProfileType</ComplexTypeName>
				<SchemaLocation>http://192.168.1.109/api/v1.5/schema/vdcStorageProfile.xsd</SchemaLocation>
			</MediaTypeMapping>
			<MediaTypeMapping>
				<MediaType>application/vnd.vmware.admin.certificateUpdateParams+xml</MediaType>
				<ComplexTypeName>CertificateUpdateParamsType</ComplexTypeName>
				<SchemaLocation>http://192.168.1.109/api/v1.5/schema/upload.xsd</SchemaLocation>
			</MediaTypeMapping>
			<MediaTypeMapping>
				<MediaType>application/vnd.vmware.admin.certificateUploadSocketType+xml</MediaType>
				<ComplexTypeName>CertificateUploadSocketType</ComplexTypeName>
				<SchemaLocation>http://192.168.1.109/api/v1.5/schema/upload.xsd</SchemaLocation>
			</MediaTypeMapping>
			<MediaTypeMapping>
				<MediaType>application/vnd.vmware.admin.keystoreUpdateParams+xml</MediaType>
				<ComplexTypeName>KeystoreUpdateParamsType</ComplexTypeName>
				<SchemaLocation>http://192.168.1.109/api/v1.5/schema/upload.xsd</SchemaLocation>
			</MediaTypeMapping>
			<MediaTypeMapping>
				<MediaType>application/vnd.vmware.admin.keystoreUploadSocketType+xml</MediaType>
				<ComplexTypeName>KeystoreUploadSocketType</ComplexTypeName>
				<SchemaLocation>http://192.168.1.109/api/v1.5/schema/upload.xsd</SchemaLocation>
			</MediaTypeMapping>
			<MediaTypeMapping>
				<MediaType>application/vnd.vmware.admin.sspiKeytabUpdateParams+xml</MediaType>
				<ComplexTypeName>SspiKeytabUpdateParamsType</ComplexTypeName>
				<SchemaLocation>http://192.168.1.109/api/v1.5/schema/upload.xsd</SchemaLocation>
			</MediaTypeMapping>
			<MediaTypeMapping>
				<MediaType>application/vnd.vmware.admin.sspiKeytabUploadSocketType+xml</MediaType>
				<ComplexTypeName>SspiKeytabUploadSocketType</ComplexTypeName>
				<SchemaLocation>http://192.168.1.109/api/v1.5/schema/upload.xsd</SchemaLocation>
			</MediaTypeMapping>
			<MediaTypeMapping>
				<MediaType>application/vnd.vmware.admin.trustStoreUpdateParams+xml</MediaType>
				<ComplexTypeName>TrustStoreUpdateParamsType</ComplexTypeName>
				<SchemaLocation>http://192.168.1.109/api/v1.5/schema/upload.xsd</SchemaLocation>
			</MediaTypeMapping>
			<MediaTypeMapping>
				<MediaType>application/vnd.vmware.admin.trustStoreUploadSocketType+xml</MediaType>
				<ComplexTypeName>TrustStoreUploadSocketType</ComplexTypeName>
				<SchemaLocation>http://192.168.1.109/api/v1.5/schema/upload.xsd</SchemaLocation>
			</MediaTypeMapping>
			<MediaTypeMapping>
				<MediaType>application/vnd.vmware.admin.event+xml</MediaType>
				<ComplexTypeName>EventType</ComplexTypeName>
				<SchemaLocation>http://192.168.1.109/api/v1.5/schema/event.xsd</SchemaLocation>
			</MediaTypeMapping>
			<MediaTypeMapping>
				<MediaType>application/vnd.vmware.admin.providervdc+xml</MediaType>
				<ComplexTypeName>ProviderVdcType</ComplexTypeName>
				<SchemaLocation>http://192.168.1.109/api/v1.5/schema/providerVdc.xsd</SchemaLocation>
			</MediaTypeMapping>
			<MediaTypeMapping>
				<MediaType>application/vnd.vmware.admin.createVdcParams+xml</MediaType>
				<ComplexTypeName>CreateVdcParamsType</ComplexTypeName>
				<SchemaLocation>http://192.168.1.109/api/v1.5/schema/providerVdc.xsd</SchemaLocation>
			</MediaTypeMapping>
			<MediaTypeMapping>
				<MediaType>application/vnd.vmware.admin.vdc+xml</MediaType>
				<ComplexTypeName>AdminVdcType</ComplexTypeName>
				<SchemaLocation>http://192.168.1.109/api/v1.5/schema/providerVdc.xsd</SchemaLocation>
			</MediaTypeMapping>
			<MediaTypeMapping>
				<MediaType>application/vnd.vmware.admin.vdcReferences+xml</MediaType>
				<ComplexTypeName>VdcReferencesType</ComplexTypeName>
				<SchemaLocation>http://192.168.1.109/api/v1.5/schema/providerVdc.xsd</SchemaLocation>
			</MediaTypeMapping>
			<MediaTypeMapping>
				<MediaType>application/vnd.vmware.admin.pvdcStorageProfile+xml</MediaType>
				<ComplexTypeName>ProviderVdcStorageProfileType</ComplexTypeName>
				<SchemaLocation>http://192.168.1.109/api/v1.5/schema/providerVdc.xsd</SchemaLocation>
			</MediaTypeMapping>
			<MediaTypeMapping>
				<MediaType>application/vnd.vmware.vcloud.vdcStorageProfileParams+xml</MediaType>
				<ComplexTypeName>VdcStorageProfileParamsType</ComplexTypeName>
				<SchemaLocation>http://192.168.1.109/api/v1.5/schema/providerVdc.xsd</SchemaLocation>
			</MediaTypeMapping>
			<MediaTypeMapping>
				<MediaType>application/vnd.vmware.admin.vdcStorageProfile+xml</MediaType>
				<ComplexTypeName>AdminVdcStorageProfileType</ComplexTypeName>
				<SchemaLocation>http://192.168.1.109/api/v1.5/schema/providerVdc.xsd</SchemaLocation>
			</MediaTypeMapping>
			<MediaTypeMapping>
				<MediaType>application/vnd.vmware.admin.updateVdcStorageProfiles+xml</MediaType>
				<ComplexTypeName>UpdateVdcStorageProfilesType</ComplexTypeName>
				<SchemaLocation>http://192.168.1.109/api/v1.5/schema/providerVdc.xsd</SchemaLocation>
			</MediaTypeMapping>
			<MediaTypeMapping>
				<MediaType>application/vnd.vmware.admin.user+xml</MediaType>
				<ComplexTypeName>UserType</ComplexTypeName>
				<SchemaLocation>http://192.168.1.109/api/v1.5/schema/user.xsd</SchemaLocation>
			</MediaTypeMapping>
			<MediaTypeMapping>
				<MediaType>application/vnd.vmware.admin.group+xml</MediaType>
				<ComplexTypeName>GroupType</ComplexTypeName>
				<SchemaLocation>http://192.168.1.109/api/v1.5/schema/user.xsd</SchemaLocation>
			</MediaTypeMapping>
			<MediaTypeMapping>
				<MediaType>application/vnd.vmware.admin.right+xml</MediaType>
				<ComplexTypeName>RightType</ComplexTypeName>
				<SchemaLocation>http://192.168.1.109/api/v1.5/schema/user.xsd</SchemaLocation>
			</MediaTypeMapping>
			<MediaTypeMapping>
				<MediaType>application/vnd.vmware.admin.role+xml</MediaType>
				<ComplexTypeName>RoleType</ComplexTypeName>
				<SchemaLocation>http://192.168.1.109/api/v1.5/schema/user.xsd</SchemaLocation>
			</MediaTypeMapping>
			<MediaTypeMapping>
				<MediaType>application/vnd.vmware.admin.vcloud+xml</MediaType>
				<ComplexTypeName>VCloudType</ComplexTypeName>
				<SchemaLocation>http://192.168.1.109/api/v1.5/schema/vCloudEntities.xsd</SchemaLocation>
			</MediaTypeMapping>
			<MediaTypeMapping>
				<MediaType>application/vnd.vmware.admin.organization+xml</MediaType>
				<ComplexTypeName>AdminOrgType</ComplexTypeName>
				<SchemaLocation>http://192.168.1.109/api/v1.5/schema/vCloudEntities.xsd</SchemaLocation>
			</MediaTypeMapping>
			<MediaTypeMapping>
				<MediaType>application/vnd.vmware.admin.vAppTemplateLeaseSettings+xml</MediaType>
				<ComplexTypeName>OrgVAppTemplateLeaseSettingsType</ComplexTypeName>
				<SchemaLocation>http://192.168.1.109/api/v1.5/schema/vCloudEntities.xsd</SchemaLocation>
			</MediaTypeMapping>
			<MediaTypeMapping>
				<MediaType>application/vnd.vmware.admin.orgSettings+xml</MediaType>
				<ComplexTypeName>OrgSettingsType</ComplexTypeName>
				<SchemaLocation>http://192.168.1.109/api/v1.5/schema/vCloudEntities.xsd</SchemaLocation>
			</MediaTypeMapping>
			<MediaTypeMapping>
				<MediaType>application/vnd.vmware.admin.organizationGeneralSettings+xml</MediaType>
				<ComplexTypeName>OrgGeneralSettingsType</ComplexTypeName>
				<SchemaLocation>http://192.168.1.109/api/v1.5/schema/vCloudEntities.xsd</SchemaLocation>
			</MediaTypeMapping>
			<MediaTypeMapping>
				<MediaType>application/vnd.vmware.admin.vAppLeaseSettings+xml</MediaType>
				<ComplexTypeName>OrgLeaseSettingsType</ComplexTypeName>
				<SchemaLocation>http://192.168.1.109/api/v1.5/schema/vCloudEntities.xsd</SchemaLocation>
			</MediaTypeMapping>
			<MediaTypeMapping>
				<MediaType>application/vnd.vmware.admin.organizationFederationSettings+xml</MediaType>
				<ComplexTypeName>OrgFederationSettingsType</ComplexTypeName>
				<SchemaLocation>http://192.168.1.109/api/v1.5/schema/vCloudEntities.xsd</SchemaLocation>
			</MediaTypeMapping>
			<MediaTypeMapping>
				<MediaType>application/vnd.vmware.admin.organizationLdapSettings+xml</MediaType>
				<ComplexTypeName>OrgLdapSettingsType</ComplexTypeName>
				<SchemaLocation>http://192.168.1.109/api/v1.5/schema/vCloudEntities.xsd</SchemaLocation>
			</MediaTypeMapping>
			<MediaTypeMapping>
				<MediaType>application/vnd.vmware.admin.organizationEmailSettings+xml</MediaType>
				<ComplexTypeName>OrgEmailSettingsType</ComplexTypeName>
				<SchemaLocation>http://192.168.1.109/api/v1.5/schema/vCloudEntities.xsd</SchemaLocation>
			</MediaTypeMapping>
			<MediaTypeMapping>
				<MediaType>application/vnd.vmware.admin.organizationPasswordPolicySettings+xml</MediaType>
				<ComplexTypeName>OrgPasswordPolicySettingsType</ComplexTypeName>
				<SchemaLocation>http://192.168.1.109/api/v1.5/schema/vCloudEntities.xsd</SchemaLocation>
			</MediaTypeMapping>
			<MediaTypeMapping>
				<MediaType>application/vnd.vmware.admin.catalog+xml</MediaType>
				<ComplexTypeName>AdminCatalogType</ComplexTypeName>
				<SchemaLocation>http://192.168.1.109/api/v1.5/schema/vCloudEntities.xsd</SchemaLocation>
			</MediaTypeMapping>
			<MediaTypeMapping>
				<MediaType>application/vnd.vmware.admin.guestPersonalizationSettings+xml</MediaType>
				<ComplexTypeName>OrgGuestPersonalizationSettingsType</ComplexTypeName>
				<SchemaLocation>http://192.168.1.109/api/v1.5/schema/vCloudEntities.xsd</SchemaLocation>
			</MediaTypeMapping>
			<MediaTypeMapping>
				<MediaType>application/vnd.vmware.admin.operationLimitsSettings+xml</MediaType>
				<ComplexTypeName>OrgOperationLimitsSettingsType</ComplexTypeName>
				<SchemaLocation>http://192.168.1.109/api/v1.5/schema/vCloudEntities.xsd</SchemaLocation>
			</MediaTypeMapping>
			<MediaTypeMapping>
				<MediaType>application/vnd.vmware.admin.systemSettings+xml</MediaType>
				<ComplexTypeName>SystemSettingsType</ComplexTypeName>
				<SchemaLocation>http://192.168.1.109/api/v1.5/schema/settings.xsd</SchemaLocation>
			</MediaTypeMapping>
			<MediaTypeMapping>
				<MediaType>application/vnd.vmware.admin.generalSettings+xml</MediaType>
				<ComplexTypeName>GeneralSettingsType</ComplexTypeName>
				<SchemaLocation>http://192.168.1.109/api/v1.5/schema/settings.xsd</SchemaLocation>
			</MediaTypeMapping>
			<MediaTypeMapping>
				<MediaType>application/vnd.vmware.admin.amqpSettings+xml</MediaType>
				<ComplexTypeName>AmqpSettingsType</ComplexTypeName>
				<SchemaLocation>http://192.168.1.109/api/v1.5/schema/settings.xsd</SchemaLocation>
			</MediaTypeMapping>
			<MediaTypeMapping>
				<MediaType>application/vnd.vmware.admin.amqpSettingsTest+xml</MediaType>
				<ComplexTypeName>AmqpSettingsTestType</ComplexTypeName>
				<SchemaLocation>http://192.168.1.109/api/v1.5/schema/settings.xsd</SchemaLocation>
			</MediaTypeMapping>
			<MediaTypeMapping>
				<MediaType>application/vnd.vmware.admin.notificationsSettings+xml</MediaType>
				<ComplexTypeName>NotificationsSettingsType</ComplexTypeName>
				<SchemaLocation>http://192.168.1.109/api/v1.5/schema/settings.xsd</SchemaLocation>
			</MediaTypeMapping>
			<MediaTypeMapping>
				<MediaType>application/vnd.vmware.admin.blockingTaskSettings+xml</MediaType>
				<ComplexTypeName>BlockingTaskSettingsType</ComplexTypeName>
				<SchemaLocation>http://192.168.1.109/api/v1.5/schema/settings.xsd</SchemaLocation>
			</MediaTypeMapping>
			<MediaTypeMapping>
				<MediaType>application/vnd.vmware.admin.systemPasswordPolicySettings+xml</MediaType>
				<ComplexTypeName>SystemPasswordPolicySettingsType</ComplexTypeName>
				<SchemaLocation>http://192.168.1.109/api/v1.5/schema/settings.xsd</SchemaLocation>
			</MediaTypeMapping>
			<MediaTypeMapping>
				<MediaType>application/vnd.vmware.admin.ldapSettings+xml</MediaType>
				<ComplexTypeName>LdapSettingsType</ComplexTypeName>
				<SchemaLocation>http://192.168.1.109/api/v1.5/schema/settings.xsd</SchemaLocation>
			</MediaTypeMapping>
			<MediaTypeMapping>
				<MediaType>application/vnd.vmware.admin.brandingSettings+xml</MediaType>
				<ComplexTypeName>BrandingSettingsType</ComplexTypeName>
				<SchemaLocation>http://192.168.1.109/api/v1.5/schema/settings.xsd</SchemaLocation>
			</MediaTypeMapping>
			<MediaTypeMapping>
				<MediaType>application/vnd.vmware.admin.licenseSettings+xml</MediaType>
				<ComplexTypeName>LicenseType</ComplexTypeName>
				<SchemaLocation>http://192.168.1.109/api/v1.5/schema/settings.xsd</SchemaLocation>
			</MediaTypeMapping>
			<MediaTypeMapping>
				<MediaType>application/vnd.vmware.admin.emailSettings+xml</MediaType>
				<ComplexTypeName>EmailSettingsType</ComplexTypeName>
				<SchemaLocation>http://192.168.1.109/api/v1.5/schema/settings.xsd</SchemaLocation>
			</MediaTypeMapping>
			<MediaTypeMapping>
				<MediaType>application/vnd.vmware.admin.kerberosSettings+xml</MediaType>
				<ComplexTypeName>KerberosSettingsType</ComplexTypeName>
				<SchemaLocation>http://192.168.1.109/api/v1.5/schema/settings.xsd</SchemaLocation>
			</MediaTypeMapping>
			<MediaTypeMapping>
				<MediaType>application/vnd.vmware.admin.lookupServiceSettings+xml</MediaType>
				<ComplexTypeName>LookupServiceSettingsType</ComplexTypeName>
				<SchemaLocation>http://192.168.1.109/api/v1.5/schema/settings.xsd</SchemaLocation>
			</MediaTypeMapping>
			<MediaTypeMapping>
				<MediaType>application/vnd.vmware.admin.lookupServiceParams+xml</MediaType>
				<ComplexTypeName>LookupServiceParamsType</ComplexTypeName>
				<SchemaLocation>http://192.168.1.109/api/v1.5/schema/settings.xsd</SchemaLocation>
			</MediaTypeMapping>
			<MediaTypeMapping>
				<MediaType>application/vnd.vmware.admin.vcTrustStoreUpdateParams+xml</MediaType>
				<ComplexTypeName>VcTrustStoreUpdateParamsType</ComplexTypeName>
				<SchemaLocation>http://192.168.1.109/api/v1.5/schema/settings.xsd</SchemaLocation>
			</MediaTypeMapping>
			<MediaTypeMapping>
				<MediaType>application/vnd.vmware.admin.vcTrustStoreUploadSocket+xml</MediaType>
				<ComplexTypeName>VcTrustStoreUploadSocketType</ComplexTypeName>
				<SchemaLocation>http://192.168.1.109/api/v1.5/schema/settings.xsd</SchemaLocation>
			</MediaTypeMapping>
			<MediaTypeMapping>
				<MediaType>application/vnd.vmware.admin.extensionServices+xml</MediaType>
				<ComplexTypeName>ExtensionServicesType</ComplexTypeName>
				<SchemaLocation>http://192.168.1.109/api/v1.5/schema/services.xsd</SchemaLocation>
			</MediaTypeMapping>
			<MediaTypeMapping>
				<MediaType>application/vnd.vmware.admin.service+xml</MediaType>
				<ComplexTypeName>AdminServiceType</ComplexTypeName>
				<SchemaLocation>http://192.168.1.109/api/v1.5/schema/services.xsd</SchemaLocation>
			</MediaTypeMapping>
			<MediaTypeMapping>
				<MediaType>application/vnd.vmware.admin.apiFilter+xml</MediaType>
				<ComplexTypeName>ApiFilterType</ComplexTypeName>
				<SchemaLocation>http://192.168.1.109/api/v1.5/schema/services.xsd</SchemaLocation>
			</MediaTypeMapping>
			<MediaTypeMapping>
				<MediaType>application/vnd.vmware.admin.apiFilters+xml</MediaType>
				<ComplexTypeName>ApiFiltersType</ComplexTypeName>
				<SchemaLocation>http://192.168.1.109/api/v1.5/schema/services.xsd</SchemaLocation>
			</MediaTypeMapping>
			<MediaTypeMapping>
				<MediaType>application/vnd.vmware.admin.apiDefinition+xml</MediaType>
				<ComplexTypeName>AdminApiDefinitionType</ComplexTypeName>
				<SchemaLocation>http://192.168.1.109/api/v1.5/schema/services.xsd</SchemaLocation>
			</MediaTypeMapping>
			<MediaTypeMapping>
				<MediaType>application/vnd.vmware.admin.apiDefinitions+xml</MediaType>
				<ComplexTypeName>AdminApiDefinitionsType</ComplexTypeName>
				<SchemaLocation>http://192.168.1.109/api/v1.5/schema/services.xsd</SchemaLocation>
			</MediaTypeMapping>
			<MediaTypeMapping>
				<MediaType>application/vnd.vmware.admin.fileDescriptor+xml</MediaType>
				<ComplexTypeName>AdminFileDescriptorType</ComplexTypeName>
				<SchemaLocation>http://192.168.1.109/api/v1.5/schema/services.xsd</SchemaLocation>
			</MediaTypeMapping>
			<MediaTypeMapping>
				<MediaType>application/vnd.vmware.admin.serviceLink+xml</MediaType>
				<ComplexTypeName>AdminServiceLinkType</ComplexTypeName>
				<SchemaLocation>http://192.168.1.109/api/v1.5/schema/services.xsd</SchemaLocation>
			</MediaTypeMapping>
			<MediaTypeMapping>
				<MediaType>application/vnd.vmware.admin.bundleUploadParams+xml</MediaType>
				<ComplexTypeName>BundleUploadParamsType</ComplexTypeName>
				<SchemaLocation>http://192.168.1.109/api/v1.5/schema/services.xsd</SchemaLocation>
			</MediaTypeMapping>
			<MediaTypeMapping>
				<MediaType>application/vnd.vmware.admin.bundleUploadSocket+xml</MediaType>
				<ComplexTypeName>BundleUploadSocketType</ComplexTypeName>
				<SchemaLocation>http://192.168.1.109/api/v1.5/schema/services.xsd</SchemaLocation>
			</MediaTypeMapping>
			<MediaTypeMapping>
				<MediaType>application/vnd.vmware.admin.aclAccess+xml</MediaType>
				<ComplexTypeName>AclAccessType</ComplexTypeName>
				<SchemaLocation>http://192.168.1.109/api/v1.5/schema/services.xsd</SchemaLocation>
			</MediaTypeMapping>
			<MediaTypeMapping>
				<MediaType>application/vnd.vmware.admin.aclRule+xml</MediaType>
				<ComplexTypeName>AclRuleType</ComplexTypeName>
				<SchemaLocation>http://192.168.1.109/api/v1.5/schema/services.xsd</SchemaLocation>
			</MediaTypeMapping>
			<MediaTypeMapping>
				<MediaType>application/vnd.vmware.admin.resourceClassAction+xml</MediaType>
				<ComplexTypeName>ResourceClassActionType</ComplexTypeName>
				<SchemaLocation>http://192.168.1.109/api/v1.5/schema/services.xsd</SchemaLocation>
			</MediaTypeMapping>
			<MediaTypeMapping>
				<MediaType>application/vnd.vmware.admin.resourceClass+xml</MediaType>
				<ComplexTypeName>ResourceClassType</ComplexTypeName>
				<SchemaLocation>http://192.168.1.109/api/v1.5/schema/services.xsd</SchemaLocation>
			</MediaTypeMapping>
			<MediaTypeMapping>
				<MediaType>application/vnd.vmware.admin.serviceResource+xml</MediaType>
				<ComplexTypeName>ServiceResourceType</ComplexTypeName>
				<SchemaLocation>http://192.168.1.109/api/v1.5/schema/services.xsd</SchemaLocation>
			</MediaTypeMapping>
			<MediaTypeMapping>
				<MediaType>application/vnd.vmware.admin.authorizationCheckParams+xml</MediaType>
				<ComplexTypeName>AuthorizationCheckParamsType</ComplexTypeName>
				<SchemaLocation>http://192.168.1.109/api/v1.5/schema/services.xsd</SchemaLocation>
			</MediaTypeMapping>
			<MediaTypeMapping>
				<MediaType>application/vnd.vmware.admin.authorizationCheckResponse+xml</MediaType>
				<ComplexTypeName>AuthorizationCheckResponseType</ComplexTypeName>
				<SchemaLocation>http://192.168.1.109/api/v1.5/schema/services.xsd</SchemaLocation>
			</MediaTypeMapping>
			<MediaTypeMapping>
				<MediaType>application/vnd.vmware.admin.vmwExtension+xml</MediaType>
				<ComplexTypeName>VMWExtensionType</ComplexTypeName>
				<SchemaLocation>http://192.168.1.109/api/v1.5/schema/vmwextensions.xsd</SchemaLocation>
			</MediaTypeMapping>
			<MediaTypeMapping>
				<MediaType>application/vnd.vmware.admin.prepareHostParams+xml</MediaType>
				<ComplexTypeName>PrepareHostParamsType</ComplexTypeName>
				<SchemaLocation>http://192.168.1.109/api/v1.5/schema/vmwextensions.xsd</SchemaLocation>
			</MediaTypeMapping>
			<MediaTypeMapping>
				<MediaType>application/vnd.vmware.admin.registerVimServerParams+xml</MediaType>
				<ComplexTypeName>RegisterVimServerParamsType</ComplexTypeName>
				<SchemaLocation>http://192.168.1.109/api/v1.5/schema/vmwextensions.xsd</SchemaLocation>
			</MediaTypeMapping>
			<MediaTypeMapping>
				<MediaType>application/vnd.vmware.admin.vmwvirtualcenter+xml</MediaType>
				<ComplexTypeName>VimServerType</ComplexTypeName>
				<SchemaLocation>http://192.168.1.109/api/v1.5/schema/vmwextensions.xsd</SchemaLocation>
			</MediaTypeMapping>
			<MediaTypeMapping>
				<MediaType>application/vnd.vmware.admin.vmwVimServerReferences+xml</MediaType>
				<ComplexTypeName>VMWVimServerReferencesType</ComplexTypeName>
				<SchemaLocation>http://192.168.1.109/api/v1.5/schema/vmwextensions.xsd</SchemaLocation>
			</MediaTypeMapping>
			<MediaTypeMapping>
				<MediaType>application/vnd.vmware.admin.vshieldmanager+xml</MediaType>
				<ComplexTypeName>ShieldManagerType</ComplexTypeName>
				<SchemaLocation>http://192.168.1.109/api/v1.5/schema/vmwextensions.xsd</SchemaLocation>
			</MediaTypeMapping>
			<MediaTypeMapping>
				<MediaType>application/vnd.vmware.admin.vmsObjectRefsList+xml</MediaType>
				<ComplexTypeName>VmObjectRefsListType</ComplexTypeName>
				<SchemaLocation>http://192.168.1.109/api/v1.5/schema/vmwextensions.xsd</SchemaLocation>
			</MediaTypeMapping>
			<MediaTypeMapping>
				<MediaType>application/vnd.vmware.admin.vmObjectRef+xml</MediaType>
				<ComplexTypeName>VmObjectRefType</ComplexTypeName>
				<SchemaLocation>http://192.168.1.109/api/v1.5/schema/vmwextensions.xsd</SchemaLocation>
			</MediaTypeMapping>
			<MediaTypeMapping>
				<MediaType>application/vnd.vmware.admin.importVmAsVAppParams+xml</MediaType>
				<ComplexTypeName>ImportVmAsVAppParamsType</ComplexTypeName>
				<SchemaLocation>http://192.168.1.109/api/v1.5/schema/vmwextensions.xsd</SchemaLocation>
			</MediaTypeMapping>
			<MediaTypeMapping>
				<MediaType>application/vnd.vmware.admin.importVmIntoExistingVAppParams+xml</MediaType>
				<ComplexTypeName>ImportVmIntoExistingVAppParamsType</ComplexTypeName>
				<SchemaLocation>http://192.168.1.109/api/v1.5/schema/vmwextensions.xsd</SchemaLocation>
			</MediaTypeMapping>
			<MediaTypeMapping>
				<MediaType>application/vnd.vmware.admin.importVmAsVAppTemplateParams+xml</MediaType>
				<ComplexTypeName>ImportVmAsVAppTemplateParamsType</ComplexTypeName>
				<SchemaLocation>http://192.168.1.109/api/v1.5/schema/vmwextensions.xsd</SchemaLocation>
			</MediaTypeMapping>
			<MediaTypeMapping>
				<MediaType>application/vnd.vmware.admin.importMediaParams+xml</MediaType>
				<ComplexTypeName>ImportMediaParamsType</ComplexTypeName>
				<SchemaLocation>http://192.168.1.109/api/v1.5/schema/vmwextensions.xsd</SchemaLocation>
			</MediaTypeMapping>
			<MediaTypeMapping>
				<MediaType>application/vnd.vmware.admin.host+xml</MediaType>
				<ComplexTypeName>HostType</ComplexTypeName>
				<SchemaLocation>http://192.168.1.109/api/v1.5/schema/vmwextensions.xsd</SchemaLocation>
			</MediaTypeMapping>
			<MediaTypeMapping>
				<MediaType>application/vnd.vmware.admin.vimObjectRef+xml</MediaType>
				<ComplexTypeName>VimObjectRefType</ComplexTypeName>
				<SchemaLocation>http://192.168.1.109/api/v1.5/schema/vmwextensions.xsd</SchemaLocation>
			</MediaTypeMapping>
			<MediaTypeMapping>
				<MediaType>application/vnd.vmware.admin.vimObjectRefs+xml</MediaType>
				<ComplexTypeName>VimObjectRefsType</ComplexTypeName>
				<SchemaLocation>http://192.168.1.109/api/v1.5/schema/vmwextensions.xsd</SchemaLocation>
			</MediaTypeMapping>
			<MediaTypeMapping>
				<MediaType>application/vnd.vmware.admin.vmwprovidervdc+xml</MediaType>
				<ComplexTypeName>VMWProviderVdcType</ComplexTypeName>
				<SchemaLocation>http://192.168.1.109/api/v1.5/schema/vmwextensions.xsd</SchemaLocation>
			</MediaTypeMapping>
			<MediaTypeMapping>
				<MediaType>application/vnd.vmware.admin.createProviderVdcParams+xml</MediaType>
				<ComplexTypeName>VMWProviderVdcParamsType</ComplexTypeName>
				<SchemaLocation>http://192.168.1.109/api/v1.5/schema/vmwextensions.xsd</SchemaLocation>
			</MediaTypeMapping>
			<MediaTypeMapping>
				<MediaType>application/vnd.vmware.admin.vmwProviderVdcReferences+xml</MediaType>
				<ComplexTypeName>VMWProviderVdcReferencesType</ComplexTypeName>
				<SchemaLocation>http://192.168.1.109/api/v1.5/schema/vmwextensions.xsd</SchemaLocation>
			</MediaTypeMapping>
			<MediaTypeMapping>
				<MediaType>application/vnd.vmware.admin.vmwPvdcStorageProfile+xml</MediaType>
				<ComplexTypeName>VMWProviderVdcStorageProfileType</ComplexTypeName>
				<SchemaLocation>http://192.168.1.109/api/v1.5/schema/vmwextensions.xsd</SchemaLocation>
			</MediaTypeMapping>
			<MediaTypeMapping>
				<MediaType>application/vnd.vmware.admin.vmwexternalnet+xml</MediaType>
				<ComplexTypeName>VMWExternalNetworkType</ComplexTypeName>
				<SchemaLocation>http://192.168.1.109/api/v1.5/schema/vmwextensions.xsd</SchemaLocation>
			</MediaTypeMapping>
			<MediaTypeMapping>
				<MediaType>application/vnd.vmware.admin.vmwExternalNetworkReferences+xml</MediaType>
				<ComplexTypeName>VMWExternalNetworkReferencesType</ComplexTypeName>
				<SchemaLocation>http://192.168.1.109/api/v1.5/schema/vmwextensions.xsd</SchemaLocation>
			</MediaTypeMapping>
			<MediaTypeMapping>
				<MediaType>application/vnd.vmware.admin.vmwNetworkPoolReferences+xml</MediaType>
				<ComplexTypeName>VMWNetworkPoolReferencesType</ComplexTypeName>
				<SchemaLocation>http://192.168.1.109/api/v1.5/schema/vmwextensions.xsd</SchemaLocation>
			</MediaTypeMapping>
			<MediaTypeMapping>
				<MediaType>application/vnd.vmware.admin.vmwNetworkPool+xml</MediaType>
				<ComplexTypeName>VMWNetworkPoolType</ComplexTypeName>
				<SchemaLocation>http://192.168.1.109/api/v1.5/schema/vmwextensions.xsd</SchemaLocation>
			</MediaTypeMapping>
			<MediaTypeMapping>
				<MediaType>application/vnd.vmware.admin.portGroupPool+xml</MediaType>
				<ComplexTypeName>PortGroupPoolType</ComplexTypeName>
				<SchemaLocation>http://192.168.1.109/api/v1.5/schema/vmwextensions.xsd</SchemaLocation>
			</MediaTypeMapping>
			<MediaTypeMapping>
				<MediaType>application/vnd.vmware.admin.vlanPool+xml</MediaType>
				<ComplexTypeName>VlanPoolType</ComplexTypeName>
				<SchemaLocation>http://192.168.1.109/api/v1.5/schema/vmwextensions.xsd</SchemaLocation>
			</MediaTypeMapping>
			<MediaTypeMapping>
				<MediaType>application/vnd.vmware.admin.vxlanPool+xml</MediaType>
				<ComplexTypeName>VxlanPoolType</ComplexTypeName>
				<SchemaLocation>http://192.168.1.109/api/v1.5/schema/vmwextensions.xsd</SchemaLocation>
			</MediaTypeMapping>
			<MediaTypeMapping>
				<MediaType>application/vnd.vmware.admin.vxlanPool+xml</MediaType>
				<ComplexTypeName>VdsContextType</ComplexTypeName>
				<SchemaLocation>http://192.168.1.109/api/v1.5/schema/vmwextensions.xsd</SchemaLocation>
			</MediaTypeMapping>
			<MediaTypeMapping>
				<MediaType>application/vnd.vmware.admin.vmwHostReferences+xml</MediaType>
				<ComplexTypeName>VMWHostReferencesType</ComplexTypeName>
				<SchemaLocation>http://192.168.1.109/api/v1.5/schema/vmwextensions.xsd</SchemaLocation>
			</MediaTypeMapping>
			<MediaTypeMapping>
				<MediaType>application/vnd.vmware.admin.resourcePoolList+xml</MediaType>
				<ComplexTypeName>ResourcePoolListType</ComplexTypeName>
				<SchemaLocation>http://192.168.1.109/api/v1.5/schema/vmwextensions.xsd</SchemaLocation>
			</MediaTypeMapping>
			<MediaTypeMapping>
				<MediaType>application/vnd.vmware.admin.licensingReport+xml</MediaType>
				<ComplexTypeName>LicensingReportType</ComplexTypeName>
				<SchemaLocation>http://192.168.1.109/api/v1.5/schema/vmwextensions.xsd</SchemaLocation>
			</MediaTypeMapping>
			<MediaTypeMapping>
				<MediaType>application/vnd.vmware.admin.licensingReportList+xml</MediaType>
				<ComplexTypeName>LicensingReportListType</ComplexTypeName>
				<SchemaLocation>http://192.168.1.109/api/v1.5/schema/vmwextensions.xsd</SchemaLocation>
			</MediaTypeMapping>
			<MediaTypeMapping>
				<MediaType>application/vnd.vmware.admin.datastore+xml</MediaType>
				<ComplexTypeName>DatastoreType</ComplexTypeName>
				<SchemaLocation>http://192.168.1.109/api/v1.5/schema/vmwextensions.xsd</SchemaLocation>
			</MediaTypeMapping>
			<MediaTypeMapping>
				<MediaType>application/vnd.vmware.admin.vmwStorageProfiles+xml</MediaType>
				<ComplexTypeName>VMWStorageProfilesType</ComplexTypeName>
				<SchemaLocation>http://192.168.1.109/api/v1.5/schema/vmwextensions.xsd</SchemaLocation>
			</MediaTypeMapping>
			<MediaTypeMapping>
				<MediaType>application/vnd.vmware.admin.vmwProviderVdcResourcePoolSet+xml</MediaType>
				<ComplexTypeName>VMWProviderVdcResourcePoolSetType</ComplexTypeName>
				<SchemaLocation>http://192.168.1.109/api/v1.5/schema/vmwextensions.xsd</SchemaLocation>
			</MediaTypeMapping>
			<MediaTypeMapping>
				<MediaType>application/vnd.vmware.admin.vmwProviderVdcResourcePool+xml</MediaType>
				<ComplexTypeName>VMWProviderVdcResourcePoolType</ComplexTypeName>
				<SchemaLocation>http://192.168.1.109/api/v1.5/schema/vmwextensions.xsd</SchemaLocation>
			</MediaTypeMapping>
			<MediaTypeMapping>
				<MediaType>application/vnd.vmware.admin.resourcePoolSetUpdateParams+xml</MediaType>
				<ComplexTypeName>UpdateResourcePoolSetParamsType</ComplexTypeName>
				<SchemaLocation>http://192.168.1.109/api/v1.5/schema/vmwextensions.xsd</SchemaLocation>
			</MediaTypeMapping>
			<MediaTypeMapping>
				<MediaType>application/vnd.vmware.admin.OrganizationVdcResourcePoolSet+xml</MediaType>
				<ComplexTypeName>OrganizationResourcePoolSetType</ComplexTypeName>
				<SchemaLocation>http://192.168.1.109/api/v1.5/schema/vmwextensions.xsd</SchemaLocation>
			</MediaTypeMapping>
			<MediaTypeMapping>
				<MediaType>application/vnd.vmware.admin.strandedItemVimObjects+xml</MediaType>
				<ComplexTypeName>StrandedItemVimObjectType</ComplexTypeName>
				<SchemaLocation>http://192.168.1.109/api/v1.5/schema/vmwextensions.xsd</SchemaLocation>
			</MediaTypeMapping>
			<MediaTypeMapping>
				<MediaType>application/vnd.vmware.admin.strandedItemVimObjects+xml</MediaType>
				<ComplexTypeName>StrandedItemVimObjectsType</ComplexTypeName>
				<SchemaLocation>http://192.168.1.109/api/v1.5/schema/vmwextensions.xsd</SchemaLocation>
			</MediaTypeMapping>
			<MediaTypeMapping>
				<MediaType>application/vnd.vmware.admin.strandedItem+xml</MediaType>
				<ComplexTypeName>StrandedItemType</ComplexTypeName>
				<SchemaLocation>http://192.168.1.109/api/v1.5/schema/vmwextensions.xsd</SchemaLocation>
			</MediaTypeMapping>
			<MediaTypeMapping>
				<MediaType>application/vnd.vmware.admin.updateProviderVdcStorageProfiles+xml</MediaType>
				<ComplexTypeName>UpdateProviderVdcStorageProfilesParamsType</ComplexTypeName>
				<SchemaLocation>http://192.168.1.109/api/v1.5/schema/vmwextensions.xsd</SchemaLocation>
			</MediaTypeMapping>
			<MediaTypeMapping>
				<MediaType>application/vnd.vmware.admin.providerVdcMergeParams+xml</MediaType>
				<ComplexTypeName>ProviderVdcMergeParamsType</ComplexTypeName>
				<SchemaLocation>http://192.168.1.109/api/v1.5/schema/vmwextensions.xsd</SchemaLocation>
			</MediaTypeMapping>
			<MediaTypeMapping>
				<MediaType>application/vnd.vmware.admin.vSphereWebClientUrl+xml</MediaType>
				<ComplexTypeName>VSphereWebClientUrlType</ComplexTypeName>
				<SchemaLocation>http://192.168.1.109/api/v1.5/schema/vmwextensions.xsd</SchemaLocation>
			</MediaTypeMapping>
			<MediaTypeMapping>
				<MediaType>application/vnd.vmware.admin.updateRightsParams+xml</MediaType>
				<ComplexTypeName>UpdateRightsParamsType</ComplexTypeName>
				<SchemaLocation>http://192.168.1.109/api/v1.5/schema/vmwextensions.xsd</SchemaLocation>
			</MediaTypeMapping>
			<MediaTypeMapping>
				<MediaType>application/vnd.vmware.admin.rights+xml</MediaType>
				<ComplexTypeName>RightRefsType</ComplexTypeName>
				<SchemaLocation>http://192.168.1.109/api/v1.5/schema/vmwextensions.xsd</SchemaLocation>
			</MediaTypeMapping>
			<MediaTypeMapping>
				<MediaType>application/vnd.vmware.admin.entityReferences+xml</MediaType>
				<ComplexTypeName>EntityReferencesType</ComplexTypeName>
				<SchemaLocation>http://192.168.1.109/api/v1.5/schema/vmwextensions.xsd</SchemaLocation>
			</MediaTypeMapping>
			<MediaTypeMapping>
				<MediaType>application/vnd.vmware.admin.userEntityRights+xml</MediaType>
				<ComplexTypeName>UserEntityRightsType</ComplexTypeName>
				<SchemaLocation>http://192.168.1.109/api/v1.5/schema/vmwextensions.xsd</SchemaLocation>
			</MediaTypeMapping>
			<MediaTypeMapping>
				<MediaType>application/vnd.vmware.admin.migrateVmParams+xml</MediaType>
				<ComplexTypeName>MigrateParamsType</ComplexTypeName>
				<SchemaLocation>http://192.168.1.109/api/v1.5/schema/vmwextensions.xsd</SchemaLocation>
			</MediaTypeMapping>
			<MediaTypeMapping>
				<MediaType>application/vnd.vmware.admin.blockingTask+xml</MediaType>
				<ComplexTypeName>BlockingTaskType</ComplexTypeName>
				<SchemaLocation>http://192.168.1.109/api/v1.5/schema/taskExtensionRequest.xsd</SchemaLocation>
			</MediaTypeMapping>
			<MediaTypeMapping>
				<MediaType>application/vnd.vmware.admin.blockingTaskOperationParams+xml</MediaType>
				<ComplexTypeName>BlockingTaskOperationParamsType</ComplexTypeName>
				<SchemaLocation>http://192.168.1.109/api/v1.5/schema/taskExtensionRequest.xsd</SchemaLocation>
			</MediaTypeMapping>
			<MediaTypeMapping>
				<MediaType>application/vnd.vmware.admin.blockingTaskUpdateProgressOperationParams+xml</MediaType>
				<ComplexTypeName>BlockingTaskUpdateProgressParamsType</ComplexTypeName>
				<SchemaLocation>http://192.168.1.109/api/v1.5/schema/taskExtensionRequest.xsd</SchemaLocation>
			</MediaTypeMapping>
			<MediaTypeMapping>
				<MediaType>application/vnd.vmware.vcloud.rasdItem+xml</MediaType>
				<ComplexTypeName>RASD_Type</ComplexTypeName>
				<SchemaLocation>http://192.168.1.109/api/v1.5/schema/master.xsd</SchemaLocation>
			</MediaTypeMapping>
			<MediaTypeMapping>
				<MediaType>application/vnd.vmware.vcloud.startupSection+xml</MediaType>
				<ComplexTypeName>StartupSection_Type</ComplexTypeName>
				<SchemaLocation>http://schemas.dmtf.org/ovf/envelope/1/dsp8023_1.1.0.xsd</SchemaLocation>
			</MediaTypeMapping>
			<MediaTypeMapping>
				<MediaType>application/vnd.vmware.vcloud.virtualHardwareSection+xml</MediaType>
				<ComplexTypeName>VirtualHardwareSection_Type</ComplexTypeName>
				<SchemaLocation>http://schemas.dmtf.org/ovf/envelope/1/dsp8023_1.1.0.xsd</SchemaLocation>
			</MediaTypeMapping>
			<MediaTypeMapping>
				<MediaType>application/vnd.vmware.vcloud.operatingSystemSection+xml</MediaType>
				<ComplexTypeName>OperatingSystemSection_Type</ComplexTypeName>
				<SchemaLocation>http://schemas.dmtf.org/ovf/envelope/1/dsp8023_1.1.0.xsd</SchemaLocation>
			</MediaTypeMapping>
			<MediaTypeMapping>
				<MediaType>application/vnd.vmware.vcloud.networkSection+xml</MediaType>
				<ComplexTypeName>NetworkSection_Type</ComplexTypeName>
				<SchemaLocation>http://schemas.dmtf.org/ovf/envelope/1/dsp8023_1.1.0.xsd</SchemaLocation>
			</MediaTypeMapping>
			<MediaTypeMapping>
				<MediaType>application/vnd.vmware.vcloud.vAppNetwork+xml</MediaType>
				<ComplexTypeName>VAppNetworkType</ComplexTypeName>
				<SchemaLocation>http://192.168.1.109/api/v1.5/schema/master.xsd</SchemaLocation>
			</MediaTypeMapping>
			<MediaTypeMapping>
				<MediaType>application/vnd.vmware.vcloud.network+xml</MediaType>
				<ComplexTypeName>NetworkType</ComplexTypeName>
				<SchemaLocation>http://192.168.1.109/api/v1.5/schema/master.xsd</SchemaLocation>
			</MediaTypeMapping>
			<MediaTypeMapping>
				<MediaType>application/vnd.vmware.vcloud.orgNetwork+xml</MediaType>
				<ComplexTypeName>OrgNetworkType</ComplexTypeName>
				<SchemaLocation>http://192.168.1.109/api/v1.5/schema/master.xsd</SchemaLocation>
			</MediaTypeMapping>
			<MediaTypeMapping>
				<MediaType>application/vnd.vmware.admin.vmwexternalnet+xml</MediaType>
				<ComplexTypeName>VMWExternalNetworkType</ComplexTypeName>
				<SchemaLocation>http://192.168.1.109/api/v1.5/schema/vmwextensions.xsd</SchemaLocation>
			</MediaTypeMapping>
		</VersionInfo>
	</SupportedVersions>
