SIGN token="H4sIAAAAAAAA/5xTTY+bMBD9K4jeKiV20l20sRxLEdnDaru5bFX16jUTsIRtZJsS+usrPhdCD6jcPPZ7b95jhj5rYevCQ3JyDqyXRgc3lWt3DEurieFOOqK5Ake8IO+nt+9kv8WED49DRm+gBRlpztzz4EddwDHMvC8IQlVVbatvW2NTtMd4h/ADuqkctPjynIMC7cNOkTREK1B3ktLoN/CZSYJTnhorfaZWkHBw+8doIz5EiBh9hfpFX83g/J9ojPChQSdOpk0P8On5FerewhrXU+z/NW8d3xgOxUal110RMnqWKTi/kmlmxGV81ySAli2NsTCaOPLrER/af9sZTdbG1ENfnCvBvoOVPL8rXrgCFl+Ov+PclElwlhaENzYwNuVa/uHtTMbNuF2l4B4oWsIHxk7gUqoPsGyHowhHD0+HpxEyu78jGppDE7eMojEEILEsMrBdfTj95HkJ7Gv7NSlOq5/nnms+M1PydqKnbyeFucTiYlbqhZY7ySharjr7GwAA///dRZE6/wMAAA==",org="my-org"